[INFO] Error stacktraces are turned on.
[INFO] Scanning for projects...
[INFO] 
[INFO] ------------< de.eitco.cicd.text:dotnet-test-sdk-download >-------------
[INFO] Building dotnet-test-sdk-download 0.0.1-SNAPSHOT
[INFO]   from pom.xml
[INFO] -------------------------------[ nuget ]--------------------------------
[INFO] 
[INFO] --- dotnet:1.0.0-SNAPSHOT:initialize (default-initialize) @ dotnet-test-sdk-download ---
[INFO] Provisioning .NET SDK 8.0 (linux-x64) into /home/jschwarz/github.com/eitco/dotnet-maven-plugin/target/local-repo/.maven-dotnet-sdk-local/linux-x64/sdk/8.0
dotnet-install: Attempting to download using primary link https://builds.dotnet.microsoft.com/dotnet/Sdk/8.0/dotnet-sdk-8.0-linux-x64.tar.gz
dotnet-install: The resource at primary link 'https://builds.dotnet.microsoft.com/dotnet/Sdk/8.0/dotnet-sdk-8.0-linux-x64.tar.gz' is not available.
dotnet-install: Attempting to download using primary link https://ci.dot.net/public/Sdk/8.0/dotnet-sdk-8.0-linux-x64.tar.gz
dotnet-install: The resource at primary link 'https://ci.dot.net/public/Sdk/8.0/dotnet-sdk-8.0-linux-x64.tar.gz' is not available.
dotnet_install: Error: Could not find `.NET Core SDK` with version = 8.0
dotnet_install: Error: Refer to: https://aka.ms/dotnet-os-lifecycle for information on .NET Core support
[INFO] ------------------------------------------------------------------------
[INFO] BUILD FAILURE
[INFO] ------------------------------------------------------------------------
[INFO] Total time:  20.717 s
[INFO] Finished at: 2026-08-19T10:49:55+02:00
[INFO] ------------------------------------------------------------------------
[ERROR] Failed to execute goal de.eitco.cicd:dotnet-maven-plugin:1.0.0-SNAPSHOT:initialize (default-initialize) on project dotnet-test-sdk-download: dotnet-install script failed with exit code 1 -> [Help 1]
org.apache.maven.lifecycle.LifecycleExecutionException: Failed to execute goal de.eitco.cicd:dotnet-maven-plugin:1.0.0-SNAPSHOT:initialize (default-initialize) on project dotnet-test-sdk-download: dotnet-install script failed with exit code 1
    at org.apache.maven.lifecycle.internal.MojoExecutor.doExecute2 (MojoExecutor.java:333)
    at org.apache.maven.lifecycle.internal.MojoExecutor.doExecute (MojoExecutor.java:316)
    at org.apache.maven.lifecycle.internal.MojoExecutor.execute (MojoExecutor.java:212)
    at org.apache.maven.lifecycle.internal.MojoExecutor.execute (MojoExecutor.java:174)
    at org.apache.maven.lifecycle.internal.MojoExecutor.access$000 (MojoExecutor.java:75)
    at org.apache.maven.lifecycle.internal.MojoExecutor$1.run (MojoExecutor.java:162)
    at org.apache.maven.plugin.DefaultMojosExecutionStrategy.execute (DefaultMojosExecutionStrategy.java:39)
    at org.apache.maven.lifecycle.internal.MojoExecutor.execute (MojoExecutor.java:159)
    at org.apache.maven.lifecycle.internal.LifecycleModuleBuilder.buildProject (LifecycleModuleBuilder.java:105)
    at org.apache.maven.lifecycle.internal.LifecycleModuleBuilder.buildProject (LifecycleModuleBuilder.java:73)
    at org.apache.maven.lifecycle.internal.builder.singlethreaded.SingleThreadedBuilder.build (SingleThreadedBuilder.java:53)
    at org.apache.maven.lifecycle.internal.LifecycleStarter.execute (LifecycleStarter.java:118)
    at org.apache.maven.DefaultMaven.doExecute (DefaultMaven.java:261)
    at org.apache.maven.DefaultMaven.doExecute (DefaultMaven.java:173)
    at org.apache.maven.DefaultMaven.execute (DefaultMaven.java:101)
    at org.apache.maven.cli.MavenCli.execute (MavenCli.java:919)
    at org.apache.maven.cli.MavenCli.doMain (MavenCli.java:285)
    at org.apache.maven.cli.MavenCli.main (MavenCli.java:207)
    at jdk.internal.reflect.DirectMethodHandleAccessor.invoke (DirectMethodHandleAccessor.java:103)
    at java.lang.reflect.Method.invoke (Method.java:580)
    at org.codehaus.plexus.classworlds.launcher.Launcher.launchEnhanced (Launcher.java:255)
    at org.codehaus.plexus.classworlds.launcher.Launcher.launch (Launcher.java:201)
    at org.codehaus.plexus.classworlds.launcher.Launcher.mainWithExitCode (Launcher.java:362)
    at org.codehaus.plexus.classworlds.launcher.Launcher.main (Launcher.java:314)
Caused by: org.apache.maven.plugin.MojoExecutionException: dotnet-install script failed with exit code 1
    at de.eitco.cicd.dotnet.DotnetSdkProvisioner$ScriptBasedInstaller.runAndCheck (DotnetSdkProvisioner.java:250)
    at de.eitco.cicd.dotnet.DotnetSdkProvisioner$ScriptBasedInstaller.install (DotnetSdkProvisioner.java:210)
    at de.eitco.cicd.dotnet.DotnetSdkProvisioner.resolveExecutable (DotnetSdkProvisioner.java:100)
    at de.eitco.cicd.dotnet.DotnetExecutableResolver.resolve (DotnetExecutableResolver.java:27)
    at de.eitco.cicd.dotnet.AbstractDotnetMojo.resolveDotnetExecutable (AbstractDotnetMojo.java:242)
    at de.eitco.cicd.dotnet.AbstractDotnetMojo.newExecutor (AbstractDotnetMojo.java:230)
    at de.eitco.cicd.dotnet.AbstractDotnetMojo.newExecutor (AbstractDotnetMojo.java:224)
    at de.eitco.cicd.dotnet.InitializeMojo.execute (InitializeMojo.java:26)
    at org.apache.maven.plugin.DefaultBuildPluginManager.executeMojo (DefaultBuildPluginManager.java:126)
    at org.apache.maven.lifecycle.internal.MojoExecutor.doExecute2 (MojoExecutor.java:328)
    at org.apache.maven.lifecycle.internal.MojoExecutor.doExecute (MojoExecutor.java:316)
    at org.apache.maven.lifecycle.internal.MojoExecutor.execute (MojoExecutor.java:212)
    at org.apache.maven.lifecycle.internal.MojoExecutor.execute (MojoExecutor.java:174)
    at org.apache.maven.lifecycle.internal.MojoExecutor.access$000 (MojoExecutor.java:75)
    at org.apache.maven.lifecycle.internal.MojoExecutor$1.run (MojoExecutor.java:162)
    at org.apache.maven.plugin.DefaultMojosExecutionStrategy.execute (DefaultMojosExecutionStrategy.java:39)
    at org.apache.maven.lifecycle.internal.MojoExecutor.execute (MojoExecutor.java:159)
    at org.apache.maven.lifecycle.internal.LifecycleModuleBuilder.buildProject (LifecycleModuleBuilder.java:105)
    at org.apache.maven.lifecycle.internal.LifecycleModuleBuilder.buildProject (LifecycleModuleBuilder.java:73)
    at org.apache.maven.lifecycle.internal.builder.singlethreaded.SingleThreadedBuilder.build (SingleThreadedBuilder.java:53)
    at org.apache.maven.lifecycle.internal.LifecycleStarter.execute (LifecycleStarter.java:118)
    at org.apache.maven.DefaultMaven.doExecute (DefaultMaven.java:261)
    at org.apache.maven.DefaultMaven.doExecute (DefaultMaven.java:173)
    at org.apache.maven.DefaultMaven.execute (DefaultMaven.java:101)
    at org.apache.maven.cli.MavenCli.execute (MavenCli.java:919)
    at org.apache.maven.cli.MavenCli.doMain (MavenCli.java:285)
    at org.apache.maven.cli.MavenCli.main (MavenCli.java:207)
    at jdk.internal.reflect.DirectMethodHandleAccessor.invoke (DirectMethodHandleAccessor.java:103)
    at java.lang.reflect.Method.invoke (Method.java:580)
    at org.codehaus.plexus.classworlds.launcher.Launcher.launchEnhanced (Launcher.java:255)
    at org.codehaus.plexus.classworlds.launcher.Launcher.launch (Launcher.java:201)
    at org.codehaus.plexus.classworlds.launcher.Launcher.mainWithExitCode (Launcher.java:362)
    at org.codehaus.plexus.classworlds.launcher.Launcher.main (Launcher.java:314)
[ERROR] 
[ERROR] Re-run Maven using the -X switch to enable full debug logging.
[ERROR] 
[ERROR] For more information about the errors and possible solutions, please read the following articles:
[ERROR] [Help 1] http://cwiki.apache.org/confluence/display/MAVEN/MojoExecutionException
